// Jest Snapshot v1, https://goo.gl/fbAQLP

exports[`map render is correctly 1`] = `
<div
  className="cities__map"
  id="map"
/>
`;
