// Jest Snapshot v1, https://goo.gl/fbAQLP

exports[`list of reviews renders correctly 1`] = `
<Fragment>
  <h2
    className="reviews__title"
  >
    Reviews Â· 
    <span
      className="reviews__amount"
    >
      0
    </span>
  </h2>
  <ul
    aria-live="polite"
    className="reviews__list"
    role="status"
  />
</Fragment>
`;
