// Jest Snapshot v1, https://goo.gl/fbAQLP

exports[`Header renders correctly 1`] = `
<header
  className="header"
>
  <div
    className="container"
  >
    <div
      className="header__wrapper"
    >
      <div
        className="header__left"
      >
        <Link
          className="header__logo-link header__logo-link--active"
          to="/"
        >
          <img
            alt="6 cities logo"
            className="header__logo"
            height="41"
            src="img/logo.svg"
            width="81"
          />
        </Link>
      </div>
      <nav
        className="header__nav"
      >
        <ul
          className="header__nav-list"
        >
          <li
            className="header__nav-item user"
          >
            <Link
              className="header__nav-link header__nav-link--profile"
              to="/favorites"
            >
              <div
                className="header__avatar-wrapper user__avatar-wrapper"
                style={
                  Object {
                    "backgroundImage": "url(https://es31-server.appspot.com/six-cities)",
                  }
                }
              />
              <span
                className="header__user-name user__name"
              />
            </Link>
          </li>
        </ul>
      </nav>
    </div>
  </div>
</header>
`;
