// Jest Snapshot v1, https://goo.gl/fbAQLP

exports[`Spinner renders correctly 1`] = `
<div
  aria-label="loading..."
  className="spinner spinner-1"
/>
`;
