// Jest Snapshot v1, https://goo.gl/fbAQLP

exports[`Should render is correctly 1`] = `
<SideEffect(DocumentTitle)>
  <div
    className=""
  >
    <ConnectFunction />
  </div>
</SideEffect(DocumentTitle)>
`;
