// Jest Snapshot v1, https://goo.gl/fbAQLP

exports[`main page renders correctly 1`] = `
<Layout
  pageClasses={
    Array [
      "page",
      "page--gray",
      "page--main",
    ]
  }
  title="Six cities"
>
  <ConnectFunction />
</Layout>
`;
